// Jest Snapshot v1, https://goo.gl/fbAQLP

exports[`signSeedV2 builds and signs valid transaction 1`] = `
Object {
  "signedTransaction": Object {
    "minerFee": "3930000000000000000000",
    "siacoinInputs": Array [
      Object {
        "parent": Object {
          "id": "aa3e781330c9b3991e0141807df1327fadf114ca6c37acb9e58004f942d91dfb",
          "leafIndex": 304248,
          "maturityHeight": 0,
          "merkleProof": Array [
            "0a7a4c392f78899e3c38c5cd9e6a673b2c7afec97930af539af9c8e20209aa78",
            "a1e074dc48634a234b7366a0d7ab19cd05e3e698e1d44bf07e24d75ae0c65b3c",
          ],
          "siacoinOutput": Object {
            "address": "90c6057cdd2463eca61f83796e83152dbba28b6cb9a74831a043833051ec9f422726bfff2ee8",
            "value": "1000000000000000000000000",
          },
        },
        "satisfiedPolicy": Object {
          "policy": Object {
            "policy": Object {
              "publicKeys": Array [
                "ed25519:ee122b2169bdae5776b55609e384e0c58372cd5c529d4edc9b9918b26f8e5535",
              ],
              "signaturesRequired": 1,
              "timelock": 0,
            },
            "type": "uc",
          },
          "signatures": Array [
            "331f4cc015c5829ef40f5036be9f020bf644cd9488d8590b3b19ec4fb5f76446e2c33f7218fe58c0b7cf5ee687d5c7a5382b48494d0a2f4d0ffcd49752e76f0a",
          ],
        },
      },
      Object {
        "parent": Object {
          "id": "32e430158591b4073a6834e9f4c4b67162e348844f569f4e472896bb72efb724",
          "leafIndex": 305723,
          "maturityHeight": 0,
          "merkleProof": Array [
            "8c02aeec48de589ce497ebe72fb8b527cfe022ef513fcfdc56745c84832f00ec",
            "1bf63b9959e60272fd7a48a8cecd4120a852c0e14557ea27ccad6ea2071e70b3",
          ],
          "siacoinOutput": Object {
            "address": "f2dbf56b5b0c698d7fbf43f646c76169d84e597e8b37fada97348beeecaa812d400ac4ce7981",
            "value": "97984280000000000000000000",
          },
        },
        "satisfiedPolicy": Object {
          "policy": Object {
            "policy": Object {
              "publicKeys": Array [
                "ed25519:ee122b2169bdae5776b55609e384e0c58372cd5c529d4edc9b9918b26f8e5535",
              ],
              "signaturesRequired": 1,
              "timelock": 0,
            },
            "type": "uc",
          },
          "signatures": Array [
            "32104521d75f2155c893eb352beee47c42f25c1d28bd5648076f3873f0b30188271ccf903df206c47167be4bf331ab927930bda32413d2078bda29f34ee1dc01",
          ],
        },
      },
    ],
    "siacoinOutputs": Array [
      Object {
        "address": "90c6057cdd2463eca61f83796e83152dbba28b6cb9a74831a043833051ec9f422726bfff2ee8",
        "value": "1000000000000000000000000",
      },
      Object {
        "address": "f2dbf56b5b0c698d7fbf43f646c76169d84e597e8b37fada97348beeecaa812d400ac4ce7981",
        "value": "97984280000000000000000000",
      },
    ],
  },
}
`;
