// Jest Snapshot v1, https://goo.gl/fbAQLP

exports[`signSeed builds and signs valid transaction 1`] = `
Object {
  "signedTransaction": Object {
    "minerFees": Array [
      "3930000000000000000000",
    ],
    "siacoinInputs": Array [
      Object {
        "parentID": "scoid:aa3e781330c9b3991e0141807df1327fadf114ca6c37acb9e58004f942d91dfb",
        "unlockConditions": Object {
          "publicKeys": Array [
            "ed25519:ee122b2169bdae5776b55609e384e0c58372cd5c529d4edc9b9918b26f8e5535",
          ],
          "signaturesRequired": 1,
          "timelock": 0,
        },
      },
      Object {
        "parentID": "scoid:32e430158591b4073a6834e9f4c4b67162e348844f569f4e472896bb72efb724",
        "unlockConditions": Object {
          "publicKeys": Array [
            "ed25519:ee122b2169bdae5776b55609e384e0c58372cd5c529d4edc9b9918b26f8e5535",
          ],
          "signaturesRequired": 1,
          "timelock": 0,
        },
      },
    ],
    "siacoinOutputs": Array [
      Object {
        "address": "addr:90c6057cdd2463eca61f83796e83152dbba28b6cb9a74831a043833051ec9f422726bfff2ee8",
        "value": "1000000000000000000000000",
      },
      Object {
        "address": "addr:f2dbf56b5b0c698d7fbf43f646c76169d84e597e8b37fada97348beeecaa812d400ac4ce7981",
        "value": "97984280000000000000000000",
      },
    ],
    "signatures": Array [
      Object {
        "coveredFields": Object {
          "wholeTransaction": true,
        },
        "parentID": "aa3e781330c9b3991e0141807df1327fadf114ca6c37acb9e58004f942d91dfb",
        "publicKeyIndex": 0,
        "signature": "+FW9B+8owhXpQbJ9IZ3Iz2AC9qRepOrnPvAYHv1fWaDag723cVJKmCimvXkg2sy0CHRq8SWONNC2neJ55ratDg==",
        "timelock": 0,
      },
      Object {
        "coveredFields": Object {
          "wholeTransaction": true,
        },
        "parentID": "32e430158591b4073a6834e9f4c4b67162e348844f569f4e472896bb72efb724",
        "publicKeyIndex": 0,
        "signature": "nwdpK6jp47lEE0waJjK92JHpni/xC7/ZheKbPu/tldxdHK3+8/GvH1Cpmp+LTJSfueXBWZ56vDdHDHdE13EDAg==",
        "timelock": 0,
      },
    ],
  },
}
`;
